// Jest Snapshot v1, https://goo.gl/fbAQLP

exports[`Home Home renders correctly 1`] = `
<RCTSafeAreaView
  style={
    {
      "backgroundColor": "white",
      "flex": 1,
      "marginTop": 0,
    }
  }
>
  <Modal
    animationType="none"
    deviceHeight={null}
    deviceWidth={null}
    hardwareAccelerated={false}
    hideModalContentWhileAnimating={false}
    onBackdropPress={[Function]}
    onModalHide={[Function]}
    onModalWillHide={[Function]}
    onModalWillShow={[Function]}
    onRequestClose={[Function]}
    panResponderThreshold={4}
    scrollHorizontal={false}
    scrollOffset={0}
    scrollOffsetMax={0}
    scrollTo={null}
    statusBarTranslucent={false}
    supportedOrientations={
      [
        "portrait",
        "landscape",
      ]
    }
    swipeThreshold={100}
    transparent={true}
    visible={false}
  />
  <ActivityIndicator
    style={
      {
        "marginTop": 20,
      }
    }
  />
  <View
    accessibilityState={
      {
        "busy": undefined,
        "checked": undefined,
        "disabled": undefined,
        "expanded": undefined,
        "selected": undefined,
      }
    }
    accessibilityValue={
      {
        "max": undefined,
        "min": undefined,
        "now": undefined,
        "text": undefined,
      }
    }
    accessible={true}
    collapsable={false}
    focusable={true}
    onClick={[Function]}
    onResponderGrant={[Function]}
    onResponderMove={[Function]}
    onResponderRelease={[Function]}
    onResponderTerminate={[Function]}
    onResponderTerminationRequest={[Function]}
    onStartShouldSetResponder={[Function]}
    style={
      {
        "alignItems": "center",
        "backgroundColor": "green",
        "borderColor": "green",
        "borderRadius": 100,
        "borderWidth": 1,
        "bottom": 100,
        "height": 70,
        "justifyContent": "center",
        "opacity": 1,
        "position": "absolute",
        "right": 30,
        "width": 70,
      }
    }
    testID="floating-button-pressable-view"
  >
    <Text />
  </View>
</RCTSafeAreaView>
`;
