// Jest Snapshot v1, https://goo.gl/fbAQLP

exports[`App App renders correctly 1`] = `
<RNCSafeAreaProvider
  onInsetsChange={[Function]}
  style={
    [
      {
        "flex": 1,
      },
      undefined,
    ]
  }
>
  <RNSScreenStack
    style={
      {
        "flex": 1,
      }
    }
  >
    <RNSScreen
      collapsable={false}
      gestureResponseDistance={
        {
          "bottom": -1,
          "end": -1,
          "start": -1,
          "top": -1,
        }
      }
      nativeBackButtonDismissalEnabled={false}
      onAppear={[Function]}
      onDisappear={[Function]}
      onDismissed={[Function]}
      onHeaderBackButtonClicked={[Function]}
      onNativeDismissCancelled={[Function]}
      onTransitionProgress={[Function]}
      onWillDisappear={[Function]}
      replaceAnimation="push"
      sheetAllowedDetents="large"
      sheetCornerRadius={-1}
      sheetExpandsWhenScrolledToEdge={true}
      sheetGrabberVisible={false}
      sheetLargestUndimmedDetent="all"
      stackPresentation="push"
      style={
        {
          "bottom": 0,
          "left": 0,
          "position": "absolute",
          "right": 0,
          "top": 0,
        }
      }
      swipeDirection="horizontal"
    >
      <View
        accessibilityElementsHidden={false}
        importantForAccessibility="auto"
        style={
          {
            "flex": 1,
            "flexDirection": "column-reverse",
          }
        }
      >
        <View
          collapsable={false}
          style={
            [
              {
                "flex": 1,
              },
              {
                "backgroundColor": "rgb(242, 242, 242)",
              },
              undefined,
            ]
          }
        >
          <RCTSafeAreaView
            style={
              {
                "backgroundColor": "white",
                "flex": 1,
                "marginTop": 0,
              }
            }
          >
            <Modal
              animationType="none"
              deviceHeight={null}
              deviceWidth={null}
              hardwareAccelerated={false}
              hideModalContentWhileAnimating={false}
              onBackdropPress={[Function]}
              onModalHide={[Function]}
              onModalWillHide={[Function]}
              onModalWillShow={[Function]}
              onRequestClose={[Function]}
              panResponderThreshold={4}
              scrollHorizontal={false}
              scrollOffset={0}
              scrollOffsetMax={0}
              scrollTo={null}
              statusBarTranslucent={false}
              supportedOrientations={
                [
                  "portrait",
                  "landscape",
                ]
              }
              swipeThreshold={100}
              transparent={true}
              visible={false}
            />
            <RCTScrollView
              ListEmptyComponent={
                <View
                  style={
                    {
                      "alignItems": "center",
                      "flex": 1,
                      "justifyContent": "center",
                      "marginTop": 0,
                      "paddingVertical": 50,
                    }
                  }
                >
                  <Text
                    style={
                      {
                        "fontSize": 18,
                        "fontWeight": "600",
                        "textAlign": "center",
                      }
                    }
                  >
                    Data contact is not available!
                  </Text>
                </View>
              }
              data={[]}
              getItem={[Function]}
              getItemCount={[Function]}
              keyExtractor={[Function]}
              onContentSizeChange={[Function]}
              onLayout={[Function]}
              onMomentumScrollBegin={[Function]}
              onMomentumScrollEnd={[Function]}
              onScroll={[Function]}
              onScrollBeginDrag={[Function]}
              onScrollEndDrag={[Function]}
              removeClippedSubviews={false}
              renderItem={[Function]}
              scrollEventThrottle={50}
              stickyHeaderIndices={[]}
              viewabilityConfigCallbackPairs={[]}
            >
              <View>
                <View
                  onLayout={[Function]}
                  style={
                    {
                      "alignItems": "center",
                      "flex": 1,
                      "justifyContent": "center",
                      "marginTop": 0,
                      "paddingVertical": 50,
                    }
                  }
                >
                  <Text
                    style={
                      {
                        "fontSize": 18,
                        "fontWeight": "600",
                        "textAlign": "center",
                      }
                    }
                  >
                    Data contact is not available!
                  </Text>
                </View>
              </View>
            </RCTScrollView>
            <View
              accessibilityState={
                {
                  "busy": undefined,
                  "checked": undefined,
                  "disabled": undefined,
                  "expanded": undefined,
                  "selected": undefined,
                }
              }
              accessibilityValue={
                {
                  "max": undefined,
                  "min": undefined,
                  "now": undefined,
                  "text": undefined,
                }
              }
              accessible={true}
              collapsable={false}
              focusable={true}
              onClick={[Function]}
              onResponderGrant={[Function]}
              onResponderMove={[Function]}
              onResponderRelease={[Function]}
              onResponderTerminate={[Function]}
              onResponderTerminationRequest={[Function]}
              onStartShouldSetResponder={[Function]}
              style={
                {
                  "alignItems": "center",
                  "backgroundColor": "green",
                  "borderColor": "green",
                  "borderRadius": 100,
                  "borderWidth": 1,
                  "bottom": 100,
                  "height": 70,
                  "justifyContent": "center",
                  "opacity": 1,
                  "position": "absolute",
                  "right": 30,
                  "width": 70,
                }
              }
              testID="floating-button-pressable-view"
            >
              <Text />
            </View>
          </RCTSafeAreaView>
        </View>
      </View>
      <RNSScreenStackHeaderConfig
        backButtonInCustomView={false}
        backTitleVisible={true}
        backgroundColor="rgb(255, 255, 255)"
        color="rgb(0, 122, 255)"
        direction="ltr"
        disableBackButtonMenu={false}
        hidden={false}
        hideBackButton={false}
        largeTitleHideShadow={false}
        title="Contacts"
        titleColor="rgb(28, 28, 30)"
        topInsetEnabled={false}
        translucent={false}
      />
    </RNSScreen>
  </RNSScreenStack>
</RNCSafeAreaProvider>
`;
