// Jest Snapshot v1, https://goo.gl/fbAQLP

exports[`Floating Button Floating button render correctly.. 1`] = `
<View
  accessibilityState={
    {
      "busy": undefined,
      "checked": undefined,
      "disabled": undefined,
      "expanded": undefined,
      "selected": undefined,
    }
  }
  accessibilityValue={
    {
      "max": undefined,
      "min": undefined,
      "now": undefined,
      "text": undefined,
    }
  }
  accessible={true}
  collapsable={false}
  focusable={true}
  onClick={[Function]}
  onResponderGrant={[Function]}
  onResponderMove={[Function]}
  onResponderRelease={[Function]}
  onResponderTerminate={[Function]}
  onResponderTerminationRequest={[Function]}
  onStartShouldSetResponder={[Function]}
  style={
    {
      "alignItems": "center",
      "backgroundColor": "green",
      "borderColor": "green",
      "borderRadius": 100,
      "borderWidth": 1,
      "bottom": 100,
      "height": 70,
      "justifyContent": "center",
      "opacity": 1,
      "position": "absolute",
      "right": 30,
      "width": 70,
    }
  }
  testID="floating-button-pressable-view"
>
  <Text
    allowFontScaling={false}
    selectable={false}
    style={
      [
        {
          "color": "white",
          "fontSize": 32,
        },
        undefined,
        {
          "fontFamily": "anticon",
          "fontStyle": "normal",
          "fontWeight": "normal",
        },
        {},
      ]
    }
    testID="floating-button-plus-icon"
  >
    î˜§
  </Text>
</View>
`;
